

    
    
    
        > a2010
    

    
    
    
        > b2010
    

    
    
    
        > c2010
    

    
    
    

    
    
    
        > d2010
    

    
    
    
        > e2010
    

    
    
    
        > f2010
    

    
    
    

