


>
  10
<


>10
<


>
  10<


>10<


>10<


>10<


>
  10
  10
<


>
  1010
<


>
  1010
<


>
  1010
<


>1010<


>1010<
